{"commitInfo":{"timestamp":1692318915049,"operation":"WRITE","operationParameters":{"mode":"Append","partitionBy":"[]"},"readVersion":0,"isolationLevel":"Serializable","isBlindAppend":true,"operationMetrics":{"numFiles":"9","numOutputRows":"30","numOutputBytes":"4430"},"engineInfo":"Apache-Spark/3.4.0 Delta-Lake/3.0.0-SNAPSHOT","txnId":"738bac93-3034-4ef1-9317-2c1202878552"}}
{"add":{"path":"part-00000-e3cd9d97-2f4e-40c4-825f-8ecf456540b0-c000.snappy.parquet","partitionValues":{},"size":491,"modificationTime":1692318914000,"dataChange":true,"stats":"{\"numRecords\":3,\"minValues\":{\"id\":3},\"maxValues\":{\"id\":16},\"nullCount\":{\"id\":0}}"}}
{"add":{"path":"part-00001-a5222079-1b7e-4bab-a747-ccc4f88b9915-c000.snappy.parquet","partitionValues":{},"size":496,"modificationTime":1692318914000,"dataChange":true,"stats":"{\"numRecords\":4,\"minValues\":{\"id\":1},\"maxValues\":{\"id\":21},\"nullCount\":{\"id\":0}}"}}
{"add":{"path":"part-00002-3a12664c-2859-4236-b718-6c9e03f6496f-c000.snappy.parquet","partitionValues":{},"size":494,"modificationTime":1692318914000,"dataChange":true,"stats":"{\"numRecords\":4,\"minValues\":{\"id\":0},\"maxValues\":{\"id\":29},\"nullCount\":{\"id\":0}}"}}
{"add":{"path":"part-00003-1bb5a769-f4c6-4672-a94a-68ed6788ca78-c000.snappy.parquet","partitionValues":{},"size":491,"modificationTime":1692318914000,"dataChange":true,"stats":"{\"numRecords\":3,\"minValues\":{\"id\":10},\"maxValues\":{\"id\":22},\"nullCount\":{\"id\":0}}"}}
{"add":{"path":"part-00004-b7080e6d-bc43-43da-becf-7c9bedffee68-c000.snappy.parquet","partitionValues":{},"size":491,"modificationTime":1692318914000,"dataChange":true,"stats":"{\"numRecords\":3,\"minValues\":{\"id\":5},\"maxValues\":{\"id\":24},\"nullCount\":{\"id\":0}}"}}
{"add":{"path":"part-00005-a0ce8d21-d9b6-44b9-803b-a4085a4b43cd-c000.snappy.parquet","partitionValues":{},"size":491,"modificationTime":1692318914000,"dataChange":true,"stats":"{\"numRecords\":3,\"minValues\":{\"id\":6},\"maxValues\":{\"id\":28},\"nullCount\":{\"id\":0}}"}}
{"add":{"path":"part-00006-9093b02c-22e2-4505-bb37-104a4825137f-c000.snappy.parquet","partitionValues":{},"size":496,"modificationTime":1692318914000,"dataChange":true,"stats":"{\"numRecords\":4,\"minValues\":{\"id\":8},\"maxValues\":{\"id\":27},\"nullCount\":{\"id\":0}}"}}
{"add":{"path":"part-00007-8cea4b0f-450b-444f-936d-e2695b1adca6-c000.snappy.parquet","partitionValues":{},"size":489,"modificationTime":1692318914000,"dataChange":true,"stats":"{\"numRecords\":3,\"minValues\":{\"id\":2},\"maxValues\":{\"id\":25},\"nullCount\":{\"id\":0}}"}}
{"add":{"path":"part-00008-470c16a2-bd1d-45e5-9cfc-5741ba5b57e1-c000.snappy.parquet","partitionValues":{},"size":491,"modificationTime":1692318914000,"dataChange":true,"stats":"{\"numRecords\":3,\"minValues\":{\"id\":9},\"maxValues\":{\"id\":23},\"nullCount\":{\"id\":0}}"}}
