{"commitInfo":{"timestamp":1692318903998,"operation":"WRITE","operationParameters":{"mode":"ErrorIfExists","partitionBy":"[]"},"isolationLevel":"Serializable","isBlindAppend":true,"operationMetrics":{"numFiles":"1","numOutputRows":"1","numOutputBytes":"478"},"engineInfo":"Apache-Spark/3.4.0 Delta-Lake/3.0.0-SNAPSHOT","txnId":"712a5003-397c-4e78-8f4b-7595fb85702d"}}
{"metaData":{"id":"testId","format":{"provider":"parquet","options":{}},"schemaString":"{\"type\":\"struct\",\"fields\":[{\"name\":\"id\",\"type\":\"long\",\"nullable\":true,\"metadata\":{}}]}","partitionColumns":[],"configuration":{"delta.checkpointInterval":"1"},"createdTime":1692318898914}}
{"protocol":{"minReaderVersion":1,"minWriterVersion":2}}
{"add":{"path":"part-00000-7f49f4e3-2c9c-4ea7-b6c3-42c9a6fc6070-c000.snappy.parquet","partitionValues":{},"size":478,"modificationTime":1692318903000,"dataChange":true,"stats":"{\"numRecords\":1,\"minValues\":{\"id\":0},\"maxValues\":{\"id\":0},\"nullCount\":{\"id\":0}}"}}
