{"commitInfo":{"timestamp":1690695618191,"operation":"WRITE","operationParameters":{"mode":"ErrorIfExists","partitionBy":"[]"},"isolationLevel":"Serializable","isBlindAppend":true,"operationMetrics":{"numFiles":"1","numOutputRows":"99998","numOutputBytes":"2303393"},"engineInfo":"Apache-Spark/3.4.0 Delta-Lake/3.0.0-SNAPSHOT","txnId":"1c5a0408-3851-4994-843d-56e12e802dff"}}
{"metaData":{"id":"testId","format":{"provider":"parquet","options":{}},"schemaString":"{\"type\":\"struct\",\"fields\":[{\"name\":\"id\",\"type\":\"integer\",\"nullable\":true,\"metadata\":{}},{\"name\":\"col1\",\"type\":\"decimal(5,1)\",\"nullable\":true,\"metadata\":{}},{\"name\":\"col2\",\"type\":\"decimal(10,5)\",\"nullable\":true,\"metadata\":{}},{\"name\":\"col3\",\"type\":\"decimal(20,5)\",\"nullable\":true,\"metadata\":{}}]}","partitionColumns":[],"configuration":{},"createdTime":1690695615966}}
{"protocol":{"minReaderVersion":1,"minWriterVersion":2}}
{"add":{"path":"part-00000-8c8ffc0f-9259-478b-9b1b-ea6d37ce5889-c000.snappy.parquet","partitionValues":{},"size":2303393,"modificationTime":1690695618000,"dataChange":true,"stats":"{\"numRecords\":99998,\"minValues\":{\"id\":0,\"col1\":-9999.0,\"col2\":-99990.99990,\"col3\":-999929997299970.99990},\"maxValues\":{\"id\":99997,\"col1\":9999.7,\"col2\":99997.99997,\"col3\":999999999399991.99997},\"nullCount\":{\"id\":0,\"col1\":0,\"col2\":0,\"col3\":0}}"}}
