{"commitInfo":{"timestamp":1688691780488,"operation":"DELETE","operationParameters":{"predicate":"[\"(col1#10915 = 16)\"]"},"readVersion":8,"isolationLevel":"Serializable","isBlindAppend":false,"operationMetrics":{"numRemovedFiles":"1","numRemovedBytes":"0","numCopiedRows":"0","numAddedChangeFiles":"0","executionTimeMs":"1575","numDeletedRows":"1","scanTimeMs":"0","numAddedFiles":"0","numAddedBytes":"0","rewriteTimeMs":"0"},"engineInfo":"Apache-Spark/3.4.0 Delta-Lake/3.0.0-SNAPSHOT","txnId":"1050c09b-28d7-489b-8752-ddeb697eb6b8"}}
{"remove":{"path":"part=6/part-00000-be524334-115d-4d01-8614-e1bc8c630926.c000.snappy.parquet","deletionTimestamp":1688691780390,"dataChange":true,"extendedFileMetadata":true,"partitionValues":{"part":"6"},"size":732,"deletionVector":{"storageType":"u","pathOrInlineDv":"sl^HN8g+F2G%ix@bXmgx","offset":1,"sizeInBytes":34,"cardinality":1}}}
