{"commitInfo":{"timestamp":1688691788332,"operation":"DELETE","operationParameters":{"predicate":"[\"(col1#13579 = 20)\"]"},"readVersion":10,"isolationLevel":"Serializable","isBlindAppend":false,"operationMetrics":{"numRemovedFiles":"1","numRemovedBytes":"0","numCopiedRows":"0","numAddedChangeFiles":"0","executionTimeMs":"2084","numDeletedRows":"1","scanTimeMs":"0","numAddedFiles":"0","numAddedBytes":"0","rewriteTimeMs":"0"},"engineInfo":"Apache-Spark/3.4.0 Delta-Lake/3.0.0-SNAPSHOT","txnId":"ad17e138-a1c2-4b6a-a373-e334c138c9e0"}}
{"remove":{"path":"part=0/part-00000-8387c699-30b1-4734-a791-9278d560ec19.c000.snappy.parquet","deletionTimestamp":1688691788291,"dataChange":true,"extendedFileMetadata":true,"partitionValues":{"part":"0"},"size":736,"deletionVector":{"storageType":"u","pathOrInlineDv":"Zcq?bs*HKQWCB[Sjf[.o","offset":1,"sizeInBytes":36,"cardinality":2}}}
