{"commitInfo":{"timestamp":1688691798638,"operation":"DELETE","operationParameters":{"predicate":"[\"(col1#17876 = 26)\"]"},"readVersion":13,"isolationLevel":"Serializable","isBlindAppend":false,"operationMetrics":{"numRemovedFiles":"0","numRemovedBytes":"0","numCopiedRows":"0","numAddedChangeFiles":"0","executionTimeMs":"1451","numDeletedRows":"1","scanTimeMs":"0","numAddedFiles":"0","numAddedBytes":"0","rewriteTimeMs":"0"},"engineInfo":"Apache-Spark/3.4.0 Delta-Lake/3.0.0-SNAPSHOT","txnId":"34f3a5ca-2166-4b49-a92b-f6b70ce4cd89"}}
{"add":{"path":"part=6/part-00001-6fc16401-ac51-4b89-bf08-bb86cecb5cc2.c000.snappy.parquet","partitionValues":{"part":"6"},"size":736,"modificationTime":1688691720000,"dataChange":true,"stats":"{\"numRecords\":3,\"minValues\":{\"col1\":26,\"col2\":\"foo1\"},\"maxValues\":{\"col1\":46,\"col2\":\"foo1\"},\"nullCount\":{\"col1\":0,\"col2\":0},\"tightBounds\":false}","deletionVector":{"storageType":"u","pathOrInlineDv":"]g#Gi8g29gLy&KMkGJr?","offset":1,"sizeInBytes":34,"cardinality":1}}}
{"remove":{"path":"part=6/part-00001-6fc16401-ac51-4b89-bf08-bb86cecb5cc2.c000.snappy.parquet","deletionTimestamp":1688691798060,"dataChange":true,"extendedFileMetadata":true,"partitionValues":{"part":"6"},"size":736}}
