{"commitInfo":{"timestamp":1688691721441,"operation":"WRITE","operationParameters":{"mode":"ErrorIfExists","partitionBy":"[\"part\"]"},"isolationLevel":"Serializable","isBlindAppend":true,"operationMetrics":{"numFiles":"20","numOutputRows":"50","numOutputBytes":"14678"},"engineInfo":"Apache-Spark/3.4.0 Delta-Lake/3.0.0-SNAPSHOT","txnId":"bc4bfee2-8faf-4995-bfa1-a3c4930cbf22"}}
{"metaData":{"id":"testId","format":{"provider":"parquet","options":{}},"schemaString":"{\"type\":\"struct\",\"fields\":[{\"name\":\"part\",\"type\":\"integer\",\"nullable\":true,\"metadata\":{}},{\"name\":\"col1\",\"type\":\"integer\",\"nullable\":true,\"metadata\":{}},{\"name\":\"col2\",\"type\":\"string\",\"nullable\":true,\"metadata\":{}}]}","partitionColumns":["part"],"configuration":{"delta.enableDeletionVectors":"true"},"createdTime":1688691715853}}
{"protocol":{"minReaderVersion":3,"minWriterVersion":7,"readerFeatures":["deletionVectors"],"writerFeatures":["deletionVectors"]}}
{"add":{"path":"part=0/part-00000-8387c699-30b1-4734-a791-9278d560ec19.c000.snappy.parquet","partitionValues":{"part":"0"},"size":736,"modificationTime":1688691720000,"dataChange":true,"stats":"{\"numRecords\":3,\"minValues\":{\"col1\":0,\"col2\":\"foo0\"},\"maxValues\":{\"col1\":20,\"col2\":\"foo0\"},\"nullCount\":{\"col1\":0,\"col2\":0},\"tightBounds\":true}"}}
{"add":{"path":"part=1/part-00000-a1586fa1-50e8-4f06-858a-b43b2e83010b.c000.snappy.parquet","partitionValues":{"part":"1"},"size":736,"modificationTime":1688691720000,"dataChange":true,"stats":"{\"numRecords\":3,\"minValues\":{\"col1\":1,\"col2\":\"foo1\"},\"maxValues\":{\"col1\":21,\"col2\":\"foo1\"},\"nullCount\":{\"col1\":0,\"col2\":0},\"tightBounds\":true}"}}
{"add":{"path":"part=2/part-00000-ad58cb56-93db-4374-91ba-e65e7fa68e76.c000.snappy.parquet","partitionValues":{"part":"2"},"size":736,"modificationTime":1688691720000,"dataChange":true,"stats":"{\"numRecords\":3,\"minValues\":{\"col1\":2,\"col2\":\"foo2\"},\"maxValues\":{\"col1\":22,\"col2\":\"foo2\"},\"nullCount\":{\"col1\":0,\"col2\":0},\"tightBounds\":true}"}}
{"add":{"path":"part=3/part-00000-319bea86-657f-4431-9b26-949dba99cf2c.c000.snappy.parquet","partitionValues":{"part":"3"},"size":736,"modificationTime":1688691720000,"dataChange":true,"stats":"{\"numRecords\":3,\"minValues\":{\"col1\":3,\"col2\":\"foo3\"},\"maxValues\":{\"col1\":23,\"col2\":\"foo3\"},\"nullCount\":{\"col1\":0,\"col2\":0},\"tightBounds\":true}"}}
{"add":{"path":"part=4/part-00000-69ec928d-3737-4eb3-a3d8-9555a6b55ff5.c000.snappy.parquet","partitionValues":{"part":"4"},"size":735,"modificationTime":1688691720000,"dataChange":true,"stats":"{\"numRecords\":3,\"minValues\":{\"col1\":4,\"col2\":\"foo4\"},\"maxValues\":{\"col1\":24,\"col2\":\"foo4\"},\"nullCount\":{\"col1\":0,\"col2\":0},\"tightBounds\":true}"}}
{"add":{"path":"part=5/part-00000-5c963f16-d5b8-4f8b-8d8a-0e3403228be2.c000.snappy.parquet","partitionValues":{"part":"5"},"size":732,"modificationTime":1688691720000,"dataChange":true,"stats":"{\"numRecords\":2,\"minValues\":{\"col1\":5,\"col2\":\"foo0\"},\"maxValues\":{\"col1\":15,\"col2\":\"foo0\"},\"nullCount\":{\"col1\":0,\"col2\":0},\"tightBounds\":true}"}}
{"add":{"path":"part=6/part-00000-be524334-115d-4d01-8614-e1bc8c630926.c000.snappy.parquet","partitionValues":{"part":"6"},"size":732,"modificationTime":1688691720000,"dataChange":true,"stats":"{\"numRecords\":2,\"minValues\":{\"col1\":6,\"col2\":\"foo1\"},\"maxValues\":{\"col1\":16,\"col2\":\"foo1\"},\"nullCount\":{\"col1\":0,\"col2\":0},\"tightBounds\":true}"}}
{"add":{"path":"part=7/part-00000-33cc19fc-3607-4ea7-ab6d-af4e3ebf62c4.c000.snappy.parquet","partitionValues":{"part":"7"},"size":732,"modificationTime":1688691721000,"dataChange":true,"stats":"{\"numRecords\":2,\"minValues\":{\"col1\":7,\"col2\":\"foo2\"},\"maxValues\":{\"col1\":17,\"col2\":\"foo2\"},\"nullCount\":{\"col1\":0,\"col2\":0},\"tightBounds\":true}"}}
{"add":{"path":"part=8/part-00000-02c66988-3465-4483-9f85-7155e6aee1f4.c000.snappy.parquet","partitionValues":{"part":"8"},"size":732,"modificationTime":1688691721000,"dataChange":true,"stats":"{\"numRecords\":2,\"minValues\":{\"col1\":8,\"col2\":\"foo3\"},\"maxValues\":{\"col1\":18,\"col2\":\"foo3\"},\"nullCount\":{\"col1\":0,\"col2\":0},\"tightBounds\":true}"}}
{"add":{"path":"part=9/part-00000-e4012c8c-cc60-44c0-babb-8c5d264a3a31.c000.snappy.parquet","partitionValues":{"part":"9"},"size":732,"modificationTime":1688691721000,"dataChange":true,"stats":"{\"numRecords\":2,\"minValues\":{\"col1\":9,\"col2\":\"foo4\"},\"maxValues\":{\"col1\":19,\"col2\":\"foo4\"},\"nullCount\":{\"col1\":0,\"col2\":0},\"tightBounds\":true}"}}
{"add":{"path":"part=0/part-00001-24cdbe06-d3dc-449f-bd38-575228ca42a7.c000.snappy.parquet","partitionValues":{"part":"0"},"size":732,"modificationTime":1688691720000,"dataChange":true,"stats":"{\"numRecords\":2,\"minValues\":{\"col1\":30,\"col2\":\"foo0\"},\"maxValues\":{\"col1\":40,\"col2\":\"foo0\"},\"nullCount\":{\"col1\":0,\"col2\":0},\"tightBounds\":true}"}}
{"add":{"path":"part=1/part-00001-d7e5d32a-55fa-410a-afee-adcdf46bc859.c000.snappy.parquet","partitionValues":{"part":"1"},"size":732,"modificationTime":1688691720000,"dataChange":true,"stats":"{\"numRecords\":2,\"minValues\":{\"col1\":31,\"col2\":\"foo1\"},\"maxValues\":{\"col1\":41,\"col2\":\"foo1\"},\"nullCount\":{\"col1\":0,\"col2\":0},\"tightBounds\":true}"}}
{"add":{"path":"part=2/part-00001-ab1247be-1f77-41e6-a392-50a99b2db864.c000.snappy.parquet","partitionValues":{"part":"2"},"size":732,"modificationTime":1688691720000,"dataChange":true,"stats":"{\"numRecords\":2,\"minValues\":{\"col1\":32,\"col2\":\"foo2\"},\"maxValues\":{\"col1\":42,\"col2\":\"foo2\"},\"nullCount\":{\"col1\":0,\"col2\":0},\"tightBounds\":true}"}}
{"add":{"path":"part=3/part-00001-afeef1dd-2517-49b9-873e-e9e6e8a74b19.c000.snappy.parquet","partitionValues":{"part":"3"},"size":731,"modificationTime":1688691720000,"dataChange":true,"stats":"{\"numRecords\":2,\"minValues\":{\"col1\":33,\"col2\":\"foo3\"},\"maxValues\":{\"col1\":43,\"col2\":\"foo3\"},\"nullCount\":{\"col1\":0,\"col2\":0},\"tightBounds\":true}"}}
{"add":{"path":"part=4/part-00001-e63d3db6-9e97-4472-aacc-6af9fa44e73d.c000.snappy.parquet","partitionValues":{"part":"4"},"size":732,"modificationTime":1688691720000,"dataChange":true,"stats":"{\"numRecords\":2,\"minValues\":{\"col1\":34,\"col2\":\"foo4\"},\"maxValues\":{\"col1\":44,\"col2\":\"foo4\"},\"nullCount\":{\"col1\":0,\"col2\":0},\"tightBounds\":true}"}}
{"add":{"path":"part=5/part-00001-f344b457-fbd0-4bc4-9502-2c07025e5bb1.c000.snappy.parquet","partitionValues":{"part":"5"},"size":736,"modificationTime":1688691720000,"dataChange":true,"stats":"{\"numRecords\":3,\"minValues\":{\"col1\":25,\"col2\":\"foo0\"},\"maxValues\":{\"col1\":45,\"col2\":\"foo0\"},\"nullCount\":{\"col1\":0,\"col2\":0},\"tightBounds\":true}"}}
{"add":{"path":"part=6/part-00001-6fc16401-ac51-4b89-bf08-bb86cecb5cc2.c000.snappy.parquet","partitionValues":{"part":"6"},"size":736,"modificationTime":1688691720000,"dataChange":true,"stats":"{\"numRecords\":3,\"minValues\":{\"col1\":26,\"col2\":\"foo1\"},\"maxValues\":{\"col1\":46,\"col2\":\"foo1\"},\"nullCount\":{\"col1\":0,\"col2\":0},\"tightBounds\":true}"}}
{"add":{"path":"part=7/part-00001-986abb06-e672-4134-83d4-261752b236b8.c000.snappy.parquet","partitionValues":{"part":"7"},"size":736,"modificationTime":1688691721000,"dataChange":true,"stats":"{\"numRecords\":3,\"minValues\":{\"col1\":27,\"col2\":\"foo2\"},\"maxValues\":{\"col1\":47,\"col2\":\"foo2\"},\"nullCount\":{\"col1\":0,\"col2\":0},\"tightBounds\":true}"}}
{"add":{"path":"part=8/part-00001-7c58de64-d72f-4373-8d86-dfdc00fb264e.c000.snappy.parquet","partitionValues":{"part":"8"},"size":736,"modificationTime":1688691721000,"dataChange":true,"stats":"{\"numRecords\":3,\"minValues\":{\"col1\":28,\"col2\":\"foo3\"},\"maxValues\":{\"col1\":48,\"col2\":\"foo3\"},\"nullCount\":{\"col1\":0,\"col2\":0},\"tightBounds\":true}"}}
{"add":{"path":"part=9/part-00001-c0430af8-a8e0-4b23-8776-b2fc549b3e4e.c000.snappy.parquet","partitionValues":{"part":"9"},"size":736,"modificationTime":1688691721000,"dataChange":true,"stats":"{\"numRecords\":3,\"minValues\":{\"col1\":29,\"col2\":\"foo4\"},\"maxValues\":{\"col1\":49,\"col2\":\"foo4\"},\"nullCount\":{\"col1\":0,\"col2\":0},\"tightBounds\":true}"}}
