{"commitInfo":{"timestamp":1688691762356,"operation":"DELETE","operationParameters":{"predicate":"[\"(col1#4505 = 6)\"]"},"readVersion":3,"isolationLevel":"Serializable","isBlindAppend":false,"operationMetrics":{"numRemovedFiles":"0","numRemovedBytes":"0","numCopiedRows":"0","numAddedChangeFiles":"0","executionTimeMs":"2577","numDeletedRows":"1","scanTimeMs":"0","numAddedFiles":"0","numAddedBytes":"0","rewriteTimeMs":"0"},"engineInfo":"Apache-Spark/3.4.0 Delta-Lake/3.0.0-SNAPSHOT","txnId":"e3ef111c-fd87-4b14-a1a6-08ccdc62ca3e"}}
{"add":{"path":"part=6/part-00000-be524334-115d-4d01-8614-e1bc8c630926.c000.snappy.parquet","partitionValues":{"part":"6"},"size":732,"modificationTime":1688691720000,"dataChange":true,"stats":"{\"numRecords\":2,\"minValues\":{\"col1\":6,\"col2\":\"foo1\"},\"maxValues\":{\"col1\":16,\"col2\":\"foo1\"},\"nullCount\":{\"col1\":0,\"col2\":0},\"tightBounds\":false}","deletionVector":{"storageType":"u","pathOrInlineDv":"sl^HN8g+F2G%ix@bXmgx","offset":1,"sizeInBytes":34,"cardinality":1}}}
{"remove":{"path":"part=6/part-00000-be524334-115d-4d01-8614-e1bc8c630926.c000.snappy.parquet","deletionTimestamp":1688691761909,"dataChange":true,"extendedFileMetadata":true,"partitionValues":{"part":"6"},"size":732}}
