{"commitInfo":{"timestamp":1688691770236,"operation":"DELETE","operationParameters":{"predicate":"[\"(col1#7069 = 10)\"]"},"readVersion":5,"isolationLevel":"Serializable","isBlindAppend":false,"operationMetrics":{"numRemovedFiles":"0","numRemovedBytes":"0","numCopiedRows":"0","numAddedChangeFiles":"0","executionTimeMs":"3110","numDeletedRows":"1","scanTimeMs":"0","numAddedFiles":"0","numAddedBytes":"0","rewriteTimeMs":"0"},"engineInfo":"Apache-Spark/3.4.0 Delta-Lake/3.0.0-SNAPSHOT","txnId":"7b578eea-e45c-4308-8c86-3c4c4f2bb9f9"}}
{"add":{"path":"part=0/part-00000-8387c699-30b1-4734-a791-9278d560ec19.c000.snappy.parquet","partitionValues":{"part":"0"},"size":736,"modificationTime":1688691720000,"dataChange":true,"stats":"{\"numRecords\":3,\"minValues\":{\"col1\":0,\"col2\":\"foo0\"},\"maxValues\":{\"col1\":20,\"col2\":\"foo0\"},\"nullCount\":{\"col1\":0,\"col2\":0},\"tightBounds\":false}","deletionVector":{"storageType":"u","pathOrInlineDv":"Zcq?bs*HKQWCB[Sjf[.o","offset":1,"sizeInBytes":36,"cardinality":2}}}
{"remove":{"path":"part=0/part-00000-8387c699-30b1-4734-a791-9278d560ec19.c000.snappy.parquet","deletionTimestamp":1688691769658,"dataChange":true,"extendedFileMetadata":true,"partitionValues":{"part":"0"},"size":736,"deletionVector":{"storageType":"u","pathOrInlineDv":"0X9F0q2<2yJ-f)Gm2!e0","offset":1,"sizeInBytes":34,"cardinality":1}}}
