{"commitInfo":{"timestamp":1688691796131,"operation":"DELETE","operationParameters":{"predicate":"[\"(col1#16548 = 24)\"]"},"readVersion":12,"isolationLevel":"Serializable","isBlindAppend":false,"operationMetrics":{"numRemovedFiles":"1","numRemovedBytes":"0","numCopiedRows":"0","numAddedChangeFiles":"0","executionTimeMs":"3461","numDeletedRows":"1","scanTimeMs":"0","numAddedFiles":"0","numAddedBytes":"0","rewriteTimeMs":"0"},"engineInfo":"Apache-Spark/3.4.0 Delta-Lake/3.0.0-SNAPSHOT","txnId":"4e6f5590-7630-44d1-bc1c-5a2bfd637c4f"}}
{"remove":{"path":"part=4/part-00000-69ec928d-3737-4eb3-a3d8-9555a6b55ff5.c000.snappy.parquet","deletionTimestamp":1688691796068,"dataChange":true,"extendedFileMetadata":true,"partitionValues":{"part":"4"},"size":735,"deletionVector":{"storageType":"u","pathOrInlineDv":"+V9Oq([R6mTaoM.}Isa)","offset":1,"sizeInBytes":36,"cardinality":2}}}
