{"commitInfo":{"timestamp":1688691752166,"operation":"DELETE","operationParameters":{"predicate":"[\"(col1#1939 = 2)\"]"},"readVersion":1,"isolationLevel":"Serializable","isBlindAppend":false,"operationMetrics":{"numRemovedFiles":"0","numRemovedBytes":"0","numCopiedRows":"0","numAddedChangeFiles":"0","executionTimeMs":"5256","numDeletedRows":"1","scanTimeMs":"0","numAddedFiles":"0","numAddedBytes":"0","rewriteTimeMs":"0"},"engineInfo":"Apache-Spark/3.4.0 Delta-Lake/3.0.0-SNAPSHOT","txnId":"a9487f5e-84c9-44d8-a6d6-f7444e8405a9"}}
{"add":{"path":"part=2/part-00000-ad58cb56-93db-4374-91ba-e65e7fa68e76.c000.snappy.parquet","partitionValues":{"part":"2"},"size":736,"modificationTime":1688691720000,"dataChange":true,"stats":"{\"numRecords\":3,\"minValues\":{\"col1\":2,\"col2\":\"foo2\"},\"maxValues\":{\"col1\":22,\"col2\":\"foo2\"},\"nullCount\":{\"col1\":0,\"col2\":0},\"tightBounds\":false}","deletionVector":{"storageType":"u","pathOrInlineDv":"]m5]-UtmB0Rl<C?0(qO5","offset":1,"sizeInBytes":34,"cardinality":1}}}
{"remove":{"path":"part=2/part-00000-ad58cb56-93db-4374-91ba-e65e7fa68e76.c000.snappy.parquet","deletionTimestamp":1688691750163,"dataChange":true,"extendedFileMetadata":true,"partitionValues":{"part":"2"},"size":736}}
