{"commitInfo":{"timestamp":1688691777427,"operation":"DELETE","operationParameters":{"predicate":"[\"(col1#9633 = 14)\"]"},"readVersion":7,"isolationLevel":"Serializable","isBlindAppend":false,"operationMetrics":{"numRemovedFiles":"0","numRemovedBytes":"0","numCopiedRows":"0","numAddedChangeFiles":"0","executionTimeMs":"2022","numDeletedRows":"1","scanTimeMs":"0","numAddedFiles":"0","numAddedBytes":"0","rewriteTimeMs":"0"},"engineInfo":"Apache-Spark/3.4.0 Delta-Lake/3.0.0-SNAPSHOT","txnId":"b273bb0f-6f97-447d-9152-b3b73cce0e93"}}
{"add":{"path":"part=4/part-00000-69ec928d-3737-4eb3-a3d8-9555a6b55ff5.c000.snappy.parquet","partitionValues":{"part":"4"},"size":735,"modificationTime":1688691720000,"dataChange":true,"stats":"{\"numRecords\":3,\"minValues\":{\"col1\":4,\"col2\":\"foo4\"},\"maxValues\":{\"col1\":24,\"col2\":\"foo4\"},\"nullCount\":{\"col1\":0,\"col2\":0},\"tightBounds\":false}","deletionVector":{"storageType":"u","pathOrInlineDv":"+V9Oq([R6mTaoM.}Isa)","offset":1,"sizeInBytes":36,"cardinality":2}}}
{"remove":{"path":"part=4/part-00000-69ec928d-3737-4eb3-a3d8-9555a6b55ff5.c000.snappy.parquet","deletionTimestamp":1688691776979,"dataChange":true,"extendedFileMetadata":true,"partitionValues":{"part":"4"},"size":735,"deletionVector":{"storageType":"u","pathOrInlineDv":"SZYoUv7OW&PVt[Vm4y.s","offset":1,"sizeInBytes":34,"cardinality":1}}}
