{"commitInfo":{"timestamp":1688691791603,"operation":"DELETE","operationParameters":{"predicate":"[\"(col1#15220 = 22)\"]"},"readVersion":11,"isolationLevel":"Serializable","isBlindAppend":false,"operationMetrics":{"numRemovedFiles":"1","numRemovedBytes":"0","numCopiedRows":"0","numAddedChangeFiles":"0","executionTimeMs":"1870","numDeletedRows":"1","scanTimeMs":"0","numAddedFiles":"0","numAddedBytes":"0","rewriteTimeMs":"0"},"engineInfo":"Apache-Spark/3.4.0 Delta-Lake/3.0.0-SNAPSHOT","txnId":"68c7ac7c-6e73-4aa4-864f-ef374e110de6"}}
{"remove":{"path":"part=2/part-00000-ad58cb56-93db-4374-91ba-e65e7fa68e76.c000.snappy.parquet","deletionTimestamp":1688691791568,"dataChange":true,"extendedFileMetadata":true,"partitionValues":{"part":"2"},"size":736,"deletionVector":{"storageType":"u","pathOrInlineDv":"NZQXpd#3xxK!oBujr/=:","offset":1,"sizeInBytes":36,"cardinality":2}}}
