{"commitInfo":{"timestamp":1688691766019,"operation":"DELETE","operationParameters":{"predicate":"[\"(col1#5787 = 8)\"]"},"readVersion":4,"isolationLevel":"Serializable","isBlindAppend":false,"operationMetrics":{"numRemovedFiles":"0","numRemovedBytes":"0","numCopiedRows":"0","numAddedChangeFiles":"0","executionTimeMs":"2416","numDeletedRows":"1","scanTimeMs":"0","numAddedFiles":"0","numAddedBytes":"0","rewriteTimeMs":"0"},"engineInfo":"Apache-Spark/3.4.0 Delta-Lake/3.0.0-SNAPSHOT","txnId":"b496350c-3b26-4f55-8340-d668a11556de"}}
{"add":{"path":"part=8/part-00000-02c66988-3465-4483-9f85-7155e6aee1f4.c000.snappy.parquet","partitionValues":{"part":"8"},"size":732,"modificationTime":1688691721000,"dataChange":true,"stats":"{\"numRecords\":2,\"minValues\":{\"col1\":8,\"col2\":\"foo3\"},\"maxValues\":{\"col1\":18,\"col2\":\"foo3\"},\"nullCount\":{\"col1\":0,\"col2\":0},\"tightBounds\":false}","deletionVector":{"storageType":"u","pathOrInlineDv":"TG?RwHuR9iGfiz)NQ>$j","offset":1,"sizeInBytes":34,"cardinality":1}}}
{"remove":{"path":"part=8/part-00000-02c66988-3465-4483-9f85-7155e6aee1f4.c000.snappy.parquet","deletionTimestamp":1688691765550,"dataChange":true,"extendedFileMetadata":true,"partitionValues":{"part":"8"},"size":732}}
