{"commitInfo":{"timestamp":1688691801431,"operation":"DELETE","operationParameters":{"predicate":"[\"(col1#19379 = 28)\"]"},"readVersion":14,"isolationLevel":"Serializable","isBlindAppend":false,"operationMetrics":{"numRemovedFiles":"0","numRemovedBytes":"0","numCopiedRows":"0","numAddedChangeFiles":"0","executionTimeMs":"1804","numDeletedRows":"1","scanTimeMs":"0","numAddedFiles":"0","numAddedBytes":"0","rewriteTimeMs":"0"},"engineInfo":"Apache-Spark/3.4.0 Delta-Lake/3.0.0-SNAPSHOT","txnId":"ace020dc-2202-4814-bbd4-36fc7a2a7988"}}
{"add":{"path":"part=8/part-00001-7c58de64-d72f-4373-8d86-dfdc00fb264e.c000.snappy.parquet","partitionValues":{"part":"8"},"size":736,"modificationTime":1688691721000,"dataChange":true,"stats":"{\"numRecords\":3,\"minValues\":{\"col1\":28,\"col2\":\"foo3\"},\"maxValues\":{\"col1\":48,\"col2\":\"foo3\"},\"nullCount\":{\"col1\":0,\"col2\":0},\"tightBounds\":false}","deletionVector":{"storageType":"u","pathOrInlineDv":"7NnC4LX-RqU.S:B4VD9n","offset":1,"sizeInBytes":34,"cardinality":1}}}
{"remove":{"path":"part=8/part-00001-7c58de64-d72f-4373-8d86-dfdc00fb264e.c000.snappy.parquet","deletionTimestamp":1688691800672,"dataChange":true,"extendedFileMetadata":true,"partitionValues":{"part":"8"},"size":736}}
