{"commitInfo":{"timestamp":1688691783299,"operation":"DELETE","operationParameters":{"predicate":"[\"(col1#12197 = 18)\"]"},"readVersion":9,"isolationLevel":"Serializable","isBlindAppend":false,"operationMetrics":{"numRemovedFiles":"1","numRemovedBytes":"0","numCopiedRows":"0","numAddedChangeFiles":"0","executionTimeMs":"1582","numDeletedRows":"1","scanTimeMs":"0","numAddedFiles":"0","numAddedBytes":"0","rewriteTimeMs":"0"},"engineInfo":"Apache-Spark/3.4.0 Delta-Lake/3.0.0-SNAPSHOT","txnId":"f1fe09aa-7b1e-42e8-85c6-459a8446f2d7"}}
{"remove":{"path":"part=8/part-00000-02c66988-3465-4483-9f85-7155e6aee1f4.c000.snappy.parquet","deletionTimestamp":1688691783203,"dataChange":true,"extendedFileMetadata":true,"partitionValues":{"part":"8"},"size":732,"deletionVector":{"storageType":"u","pathOrInlineDv":"TG?RwHuR9iGfiz)NQ>$j","offset":1,"sizeInBytes":34,"cardinality":1}}}
