{"commitInfo":{"timestamp":1688691758484,"operation":"DELETE","operationParameters":{"predicate":"[\"(col1#3223 = 4)\"]"},"readVersion":2,"isolationLevel":"Serializable","isBlindAppend":false,"operationMetrics":{"numRemovedFiles":"0","numRemovedBytes":"0","numCopiedRows":"0","numAddedChangeFiles":"0","executionTimeMs":"4361","numDeletedRows":"1","scanTimeMs":"0","numAddedFiles":"0","numAddedBytes":"0","rewriteTimeMs":"0"},"engineInfo":"Apache-Spark/3.4.0 Delta-Lake/3.0.0-SNAPSHOT","txnId":"c2f17198-9407-4c2d-a24d-f43ee33f74aa"}}
{"add":{"path":"part=4/part-00000-69ec928d-3737-4eb3-a3d8-9555a6b55ff5.c000.snappy.parquet","partitionValues":{"part":"4"},"size":735,"modificationTime":1688691720000,"dataChange":true,"stats":"{\"numRecords\":3,\"minValues\":{\"col1\":4,\"col2\":\"foo4\"},\"maxValues\":{\"col1\":24,\"col2\":\"foo4\"},\"nullCount\":{\"col1\":0,\"col2\":0},\"tightBounds\":false}","deletionVector":{"storageType":"u","pathOrInlineDv":"SZYoUv7OW&PVt[Vm4y.s","offset":1,"sizeInBytes":34,"cardinality":1}}}
{"remove":{"path":"part=4/part-00000-69ec928d-3737-4eb3-a3d8-9555a6b55ff5.c000.snappy.parquet","deletionTimestamp":1688691757817,"dataChange":true,"extendedFileMetadata":true,"partitionValues":{"part":"4"},"size":735}}
