{"commitInfo":{"timestamp":1692156993531,"operation":"WRITE","operationParameters":{"mode":"ErrorIfExists","partitionBy":"[\"part\"]"},"isolationLevel":"Serializable","isBlindAppend":true,"operationMetrics":{"numFiles":"5","numOutputRows":"5","numOutputBytes":"3529"},"engineInfo":"Apache-Spark/3.4.0 Delta-Lake/3.0.0-SNAPSHOT","txnId":"d84260a3-a773-4f10-8079-2bb1c1bf1303"}}
{"metaData":{"id":"testId","format":{"provider":"parquet","options":{}},"schemaString":"{\"type\":\"struct\",\"fields\":[{\"name\":\"id\",\"type\":\"integer\",\"nullable\":true,\"metadata\":{}},{\"name\":\"part\",\"type\":\"timestamp\",\"nullable\":true,\"metadata\":{}},{\"name\":\"time\",\"type\":\"timestamp\",\"nullable\":true,\"metadata\":{}}]}","partitionColumns":["part"],"configuration":{},"createdTime":1692156992918}}
{"protocol":{"minReaderVersion":1,"minWriterVersion":2}}
{"add":{"path":"part=2020-01-01%2008%253A09%253A10.001/part-00000-4b5188f5-4784-47ce-b4ad-1d3eae80710e.c000.snappy.parquet","partitionValues":{"part":"2020-01-01 08:09:10.001"},"size":719,"modificationTime":1692156993000,"dataChange":true,"stats":"{\"numRecords\":1,\"minValues\":{\"id\":0,\"time\":\"2020-02-01T08:09:10.000Z\"},\"maxValues\":{\"id\":0,\"time\":\"2020-02-01T08:09:10.000Z\"},\"nullCount\":{\"id\":0,\"time\":0}}"}}
{"add":{"path":"part=2021-10-01%2008%253A09%253A20/part-00000-086f164a-4d32-4631-b9f9-8aeab485f19c.c000.snappy.parquet","partitionValues":{"part":"2021-10-01 08:09:20"},"size":719,"modificationTime":1692156993000,"dataChange":true,"stats":"{\"numRecords\":1,\"minValues\":{\"id\":1,\"time\":\"1999-01-01T09:00:00.000Z\"},\"maxValues\":{\"id\":1,\"time\":\"1999-01-01T09:00:00.000Z\"},\"nullCount\":{\"id\":0,\"time\":0}}"}}
{"add":{"path":"part=__HIVE_DEFAULT_PARTITION__/part-00001-f81daebf-3993-4686-bf72-470e1fe078d9.c000.snappy.parquet","partitionValues":{"part":null},"size":654,"modificationTime":1692156993000,"dataChange":true,"stats":"{\"numRecords\":1,\"minValues\":{\"id\":4},\"maxValues\":{\"id\":4},\"nullCount\":{\"id\":0,\"time\":1}}"}}
{"add":{"path":"part=1969-01-01%2000%253A00%253A00/part-00001-4c527a95-ca90-4aeb-a61c-8d89b6330772.c000.snappy.parquet","partitionValues":{"part":"1969-01-01 00:00:00"},"size":718,"modificationTime":1692156993000,"dataChange":true,"stats":"{\"numRecords\":1,\"minValues\":{\"id\":3,\"time\":\"1969-01-01T00:00:00.000Z\"},\"maxValues\":{\"id\":3,\"time\":\"1969-01-01T00:00:00.000Z\"},\"nullCount\":{\"id\":0,\"time\":0}}"}}
{"add":{"path":"part=2021-10-01%2008%253A09%253A20/part-00001-94d3f0af-754c-4cde-bc6e-08338a03a32e.c000.snappy.parquet","partitionValues":{"part":"2021-10-01 08:09:20"},"size":719,"modificationTime":1692156993000,"dataChange":true,"stats":"{\"numRecords\":1,\"minValues\":{\"id\":2,\"time\":\"2000-01-01T09:00:00.000Z\"},\"maxValues\":{\"id\":2,\"time\":\"2000-01-01T09:00:00.000Z\"},\"nullCount\":{\"id\":0,\"time\":0}}"}}
