{"commitInfo":{"timestamp":1690853019754,"operation":"WRITE","operationParameters":{"mode":"ErrorIfExists","partitionBy":"[\"part\"]"},"isolationLevel":"Serializable","isBlindAppend":true,"operationMetrics":{"numFiles":"4","numOutputRows":"4","numOutputBytes":"4036"},"engineInfo":"Apache-Spark/3.4.0 Delta-Lake/3.0.0-SNAPSHOT","txnId":"01c3f3ee-9b79-4245-93f1-7f43ce7afa9c"}}
{"metaData":{"id":"testId","format":{"provider":"parquet","options":{}},"schemaString":"{\"type\":\"struct\",\"fields\":[{\"name\":\"part\",\"type\":\"decimal(12,5)\",\"nullable\":true,\"metadata\":{}},{\"name\":\"col1\",\"type\":\"decimal(5,2)\",\"nullable\":true,\"metadata\":{}},{\"name\":\"col2\",\"type\":\"decimal(10,5)\",\"nullable\":true,\"metadata\":{}},{\"name\":\"col3\",\"type\":\"decimal(20,10)\",\"nullable\":true,\"metadata\":{}}]}","partitionColumns":["part"],"configuration":{},"createdTime":1690853018509}}
{"protocol":{"minReaderVersion":1,"minWriterVersion":2}}
{"add":{"path":"part=-2342342.23423/part-00000-ba2f74ac-7b9b-47b9-a287-97d92bd20efc.c000.snappy.parquet","partitionValues":{"part":"-2342342.23423"},"size":1009,"modificationTime":1690853019000,"dataChange":true,"stats":"{\"numRecords\":1,\"minValues\":{\"col1\":-999.99,\"col2\":-99999.99999,\"col3\":-9999999999.9999999999},\"maxValues\":{\"col1\":-999.99,\"col2\":-99999.99999,\"col3\":-9999999999.9999999999},\"nullCount\":{\"col1\":0,\"col2\":0,\"col3\":0}}"}}
{"add":{"path":"part=0.00004/part-00000-3de65390-7061-47d6-8995-cbb632b4b203.c000.snappy.parquet","partitionValues":{"part":"0.00004"},"size":1009,"modificationTime":1690853019000,"dataChange":true,"stats":"{\"numRecords\":1,\"minValues\":{\"col1\":0.00,\"col2\":0.00000,\"col3\":0E-10},\"maxValues\":{\"col1\":0.00,\"col2\":0.00000,\"col3\":0E-10},\"nullCount\":{\"col1\":0,\"col2\":0,\"col3\":0}}"}}
{"add":{"path":"part=234.00000/part-00000-654d80b0-611a-4ff3-a8e6-2328dd21cf11.c000.snappy.parquet","partitionValues":{"part":"234.00000"},"size":1009,"modificationTime":1690853019000,"dataChange":true,"stats":"{\"numRecords\":1,\"minValues\":{\"col1\":1.00,\"col2\":2.00000,\"col3\":3.0000000000},\"maxValues\":{\"col1\":1.00,\"col2\":2.00000,\"col3\":3.0000000000},\"nullCount\":{\"col1\":0,\"col2\":0,\"col3\":0}}"}}
{"add":{"path":"part=2342222.23454/part-00000-fe848a88-0465-4b4f-8414-25e6da7062f8.c000.snappy.parquet","partitionValues":{"part":"2342222.23454"},"size":1009,"modificationTime":1690853019000,"dataChange":true,"stats":"{\"numRecords\":1,\"minValues\":{\"col1\":111.11,\"col2\":22222.22222,\"col3\":3333333333.3333333333},\"maxValues\":{\"col1\":111.11,\"col2\":22222.22222,\"col3\":3333333333.3333333333},\"nullCount\":{\"col1\":0,\"col2\":0,\"col3\":0}}"}}
