{"commitInfo":{"timestamp":1692156996195,"operation":"WRITE","operationParameters":{"mode":"ErrorIfExists","partitionBy":"[\"part\"]"},"isolationLevel":"Serializable","isBlindAppend":true,"operationMetrics":{"numFiles":"5","numOutputRows":"5","numOutputBytes":"3535"},"engineInfo":"Apache-Spark/3.4.0 Delta-Lake/3.0.0-SNAPSHOT","txnId":"40ad66e4-27a5-4882-96c7-c30c9f8d6fe9"}}
{"metaData":{"id":"testId","format":{"provider":"parquet","options":{}},"schemaString":"{\"type\":\"struct\",\"fields\":[{\"name\":\"id\",\"type\":\"integer\",\"nullable\":true,\"metadata\":{}},{\"name\":\"part\",\"type\":\"timestamp\",\"nullable\":true,\"metadata\":{}},{\"name\":\"time\",\"type\":\"timestamp\",\"nullable\":true,\"metadata\":{}}]}","partitionColumns":["part"],"configuration":{},"createdTime":1692156995593}}
{"protocol":{"minReaderVersion":1,"minWriterVersion":2}}
{"add":{"path":"part=2020-01-01%2008%253A09%253A10.001/part-00000-a8be3fd2-1fd5-4dd7-84d2-6899a62d99e8.c000.snappy.parquet","partitionValues":{"part":"2020-01-01 08:09:10.001"},"size":728,"modificationTime":1692156995000,"dataChange":true,"stats":"{\"numRecords\":1,\"minValues\":{\"id\":0,\"time\":\"2020-02-01T08:09:10.000-08:00\"},\"maxValues\":{\"id\":0,\"time\":\"2020-02-01T08:09:10.000-08:00\"},\"nullCount\":{\"id\":0,\"time\":0}}"}}
{"add":{"path":"part=2021-10-01%2008%253A09%253A20/part-00000-321ea6ca-841e-4654-9844-2d4041b6d0d6.c000.snappy.parquet","partitionValues":{"part":"2021-10-01 08:09:20"},"size":728,"modificationTime":1692156996000,"dataChange":true,"stats":"{\"numRecords\":1,\"minValues\":{\"id\":1,\"time\":\"1999-01-01T09:00:00.000-08:00\"},\"maxValues\":{\"id\":1,\"time\":\"1999-01-01T09:00:00.000-08:00\"},\"nullCount\":{\"id\":0,\"time\":0}}"}}
{"add":{"path":"part=__HIVE_DEFAULT_PARTITION__/part-00001-18484b3d-01e6-48bc-9e8b-2a75d36d9f7a.c000.snappy.parquet","partitionValues":{"part":null},"size":623,"modificationTime":1692156995000,"dataChange":true,"stats":"{\"numRecords\":1,\"minValues\":{\"id\":4},\"maxValues\":{\"id\":4},\"nullCount\":{\"id\":0,\"time\":1}}"}}
{"add":{"path":"part=1969-01-01%2000%253A00%253A00/part-00001-48d8c27a-3661-4e1e-95cb-02ef244c1cf4.c000.snappy.parquet","partitionValues":{"part":"1969-01-01 00:00:00"},"size":728,"modificationTime":1692156996000,"dataChange":true,"stats":"{\"numRecords\":1,\"minValues\":{\"id\":3,\"time\":\"1969-01-01T00:00:00.000-08:00\"},\"maxValues\":{\"id\":3,\"time\":\"1969-01-01T00:00:00.000-08:00\"},\"nullCount\":{\"id\":0,\"time\":0}}"}}
{"add":{"path":"part=2021-10-01%2008%253A09%253A20/part-00001-b223f8fd-9d33-465b-b139-36c41abb10e8.c000.snappy.parquet","partitionValues":{"part":"2021-10-01 08:09:20"},"size":728,"modificationTime":1692156996000,"dataChange":true,"stats":"{\"numRecords\":1,\"minValues\":{\"id\":2,\"time\":\"2000-01-01T09:00:00.000-08:00\"},\"maxValues\":{\"id\":2,\"time\":\"2000-01-01T09:00:00.000-08:00\"},\"nullCount\":{\"id\":0,\"time\":0}}"}}
