{"commitInfo":{"timestamp":1691426737814,"operation":"DELETE","operationParameters":{"predicate":"[\"((id#2606L >= 15) AND (id#2606L <= 19))\"]"},"readVersion":5,"isolationLevel":"Serializable","isBlindAppend":false,"operationMetrics":{"numRemovedFiles":"1","numRemovedBytes":"527","numCopiedRows":"5","numAddedChangeFiles":"0","executionTimeMs":"284","numDeletedRows":"5","scanTimeMs":"168","numAddedFiles":"1","numAddedBytes":"503","rewriteTimeMs":"116"},"engineInfo":"Apache-Spark/3.4.0 Delta-Lake/3.0.0-SNAPSHOT","txnId":"dc2ad0e6-7337-4501-a47b-c6af0138b7dc"}}
{"remove":{"path":"part-00000-0869ab64-e69d-407f-80d4-1a2ea1f69d11-c000.snappy.parquet","deletionTimestamp":1691426737813,"dataChange":true,"extendedFileMetadata":true,"partitionValues":{},"size":527}}
{"add":{"path":"part-00000-c92cba9e-6c07-4a93-916a-0a6e115e39b3-c000.snappy.parquet","partitionValues":{},"size":503,"modificationTime":1691426737811,"dataChange":true,"stats":"{\"numRecords\":5,\"minValues\":{\"id\":10},\"maxValues\":{\"id\":14},\"nullCount\":{\"id\":0}}"}}
