{"commitInfo":{"timestamp":1691426739285,"operation":"DELETE","operationParameters":{"predicate":"[\"((id#3988L >= 35) AND (id#3988L <= 39))\"]"},"readVersion":7,"isolationLevel":"Serializable","isBlindAppend":false,"operationMetrics":{"numRemovedFiles":"1","numRemovedBytes":"527","numCopiedRows":"5","numAddedChangeFiles":"0","executionTimeMs":"345","numDeletedRows":"5","scanTimeMs":"175","numAddedFiles":"1","numAddedBytes":"503","rewriteTimeMs":"170"},"engineInfo":"Apache-Spark/3.4.0 Delta-Lake/3.0.0-SNAPSHOT","txnId":"8e184ae5-6338-43db-96d1-c54619c2e20f"}}
{"remove":{"path":"part-00000-60f14460-c8e0-41b4-a33f-1a83bb59f13c-c000.snappy.parquet","deletionTimestamp":1691426739284,"dataChange":true,"extendedFileMetadata":true,"partitionValues":{},"size":527}}
{"add":{"path":"part-00000-f80053c6-2b0d-41ed-ab5f-61ef1503cae6-c000.snappy.parquet","partitionValues":{},"size":503,"modificationTime":1691426739280,"dataChange":true,"stats":"{\"numRecords\":5,\"minValues\":{\"id\":30},\"maxValues\":{\"id\":34},\"nullCount\":{\"id\":0}}"}}
