{"commitInfo":{"timestamp":1691426740500,"operation":"WRITE","operationParameters":{"mode":"Append","partitionBy":"[]"},"readVersion":9,"isolationLevel":"Serializable","isBlindAppend":true,"operationMetrics":{"numFiles":"1","numOutputRows":"10","numOutputBytes":"527"},"engineInfo":"Apache-Spark/3.4.0 Delta-Lake/3.0.0-SNAPSHOT","txnId":"5f7d481e-9635-43e1-a4a1-584bf0ae63f9"}}
{"add":{"path":"part-00000-da82aeb5-4edb-4cc1-91ef-970c75c965cc-c000.snappy.parquet","partitionValues":{},"size":527,"modificationTime":1691426740498,"dataChange":true,"stats":"{\"numRecords\":10,\"minValues\":{\"id\":50},\"maxValues\":{\"id\":59},\"nullCount\":{\"id\":0}}"}}
