{"commitInfo":{"timestamp":1691426743015,"operation":"DELETE","operationParameters":{"predicate":"[\"(id#6991L >= 66)\"]"},"readVersion":12,"isolationLevel":"Serializable","isBlindAppend":false,"operationMetrics":{"numRemovedFiles":"2","numRemovedBytes":"1054","numCopiedRows":"6","numAddedChangeFiles":"0","executionTimeMs":"270","numDeletedRows":"14","scanTimeMs":"151","numAddedFiles":"1","numAddedBytes":"510","rewriteTimeMs":"119"},"engineInfo":"Apache-Spark/3.4.0 Delta-Lake/3.0.0-SNAPSHOT","txnId":"153f81dc-ba06-46e8-81c7-75c26e500a57"}}
{"remove":{"path":"part-00000-26da113c-2e45-4aba-b1ce-6eb5e46c53f7-c000.snappy.parquet","deletionTimestamp":1691426743014,"dataChange":true,"extendedFileMetadata":true,"partitionValues":{},"size":527}}
{"remove":{"path":"part-00000-c967edfa-f104-44ea-b0da-8bc1f5402af4-c000.snappy.parquet","deletionTimestamp":1691426743014,"dataChange":true,"extendedFileMetadata":true,"partitionValues":{},"size":527}}
{"add":{"path":"part-00000-7d1a368c-74ea-42df-9527-2c9a7c8292b9-c000.snappy.parquet","partitionValues":{},"size":510,"modificationTime":1691426743013,"dataChange":true,"stats":"{\"numRecords\":6,\"minValues\":{\"id\":60},\"maxValues\":{\"id\":65},\"nullCount\":{\"id\":0}}"}}
