{"commitInfo":{"timestamp":1691426738561,"operation":"DELETE","operationParameters":{"predicate":"[\"((id#3297L >= 25) AND (id#3297L <= 29))\"]"},"readVersion":6,"isolationLevel":"Serializable","isBlindAppend":false,"operationMetrics":{"numRemovedFiles":"1","numRemovedBytes":"527","numCopiedRows":"5","numAddedChangeFiles":"0","executionTimeMs":"293","numDeletedRows":"5","scanTimeMs":"158","numAddedFiles":"1","numAddedBytes":"503","rewriteTimeMs":"135"},"engineInfo":"Apache-Spark/3.4.0 Delta-Lake/3.0.0-SNAPSHOT","txnId":"dcdfb390-1424-44a8-a1ef-9713726bc6cb"}}
{"remove":{"path":"part-00000-bd8763c3-45e4-435e-acd6-8e599aa840bc-c000.snappy.parquet","deletionTimestamp":1691426738560,"dataChange":true,"extendedFileMetadata":true,"partitionValues":{},"size":527}}
{"add":{"path":"part-00000-1b0098ea-c696-4470-84cc-d43bb7afb833-c000.snappy.parquet","partitionValues":{},"size":503,"modificationTime":1691426738558,"dataChange":true,"stats":"{\"numRecords\":5,\"minValues\":{\"id\":20},\"maxValues\":{\"id\":24},\"nullCount\":{\"id\":0}}"}}
