{"commitInfo":{"timestamp":1691426734180,"operation":"WRITE","operationParameters":{"mode":"Append","partitionBy":"[]"},"readVersion":0,"isolationLevel":"Serializable","isBlindAppend":true,"operationMetrics":{"numFiles":"1","numOutputRows":"10","numOutputBytes":"527"},"engineInfo":"Apache-Spark/3.4.0 Delta-Lake/3.0.0-SNAPSHOT","txnId":"1529cdd3-5178-47ce-b13d-962cbfdcb028"}}
{"add":{"path":"part-00000-0869ab64-e69d-407f-80d4-1a2ea1f69d11-c000.snappy.parquet","partitionValues":{},"size":527,"modificationTime":1691426734175,"dataChange":true,"stats":"{\"numRecords\":10,\"minValues\":{\"id\":10},\"maxValues\":{\"id\":19},\"nullCount\":{\"id\":0}}"}}
