{"commitInfo":{"timestamp":1691426735371,"operation":"WRITE","operationParameters":{"mode":"Append","partitionBy":"[]"},"readVersion":2,"isolationLevel":"Serializable","isBlindAppend":true,"operationMetrics":{"numFiles":"1","numOutputRows":"10","numOutputBytes":"527"},"engineInfo":"Apache-Spark/3.4.0 Delta-Lake/3.0.0-SNAPSHOT","txnId":"3dfdeb21-169d-4197-a49b-411fc956153a"}}
{"add":{"path":"part-00000-60f14460-c8e0-41b4-a33f-1a83bb59f13c-c000.snappy.parquet","partitionValues":{},"size":527,"modificationTime":1691426735367,"dataChange":true,"stats":"{\"numRecords\":10,\"minValues\":{\"id\":30},\"maxValues\":{\"id\":39},\"nullCount\":{\"id\":0}}"}}
