{"commitInfo":{"timestamp":1691426741681,"operation":"WRITE","operationParameters":{"mode":"Append","partitionBy":"[]"},"readVersion":10,"isolationLevel":"Serializable","isBlindAppend":true,"operationMetrics":{"numFiles":"1","numOutputRows":"10","numOutputBytes":"527"},"engineInfo":"Apache-Spark/3.4.0 Delta-Lake/3.0.0-SNAPSHOT","txnId":"a99db5a3-bc5b-44f8-abc5-ce30bda4c0b0"}}
{"add":{"path":"part-00000-26da113c-2e45-4aba-b1ce-6eb5e46c53f7-c000.snappy.parquet","partitionValues":{},"size":527,"modificationTime":1691426741411,"dataChange":true,"stats":"{\"numRecords\":10,\"minValues\":{\"id\":60},\"maxValues\":{\"id\":69},\"nullCount\":{\"id\":0}}"}}
