{"commitInfo":{"timestamp":1691426735942,"operation":"WRITE","operationParameters":{"mode":"Append","partitionBy":"[]"},"readVersion":3,"isolationLevel":"Serializable","isBlindAppend":true,"operationMetrics":{"numFiles":"1","numOutputRows":"10","numOutputBytes":"527"},"engineInfo":"Apache-Spark/3.4.0 Delta-Lake/3.0.0-SNAPSHOT","txnId":"56a9553b-8f9d-44e0-a236-25081a0083ad"}}
{"add":{"path":"part-00000-b326e43b-3e01-4cf1-b8ff-c73c8abd1616-c000.snappy.parquet","partitionValues":{},"size":527,"modificationTime":1691426735939,"dataChange":true,"stats":"{\"numRecords\":10,\"minValues\":{\"id\":40},\"maxValues\":{\"id\":49},\"nullCount\":{\"id\":0}}"}}
