{"commitInfo":{"timestamp":1691426740025,"operation":"DELETE","operationParameters":{"predicate":"[\"((id#4679L >= 45) AND (id#4679L <= 49))\"]"},"readVersion":8,"isolationLevel":"Serializable","isBlindAppend":false,"operationMetrics":{"numRemovedFiles":"1","numRemovedBytes":"527","numCopiedRows":"5","numAddedChangeFiles":"0","executionTimeMs":"324","numDeletedRows":"5","scanTimeMs":"158","numAddedFiles":"1","numAddedBytes":"503","rewriteTimeMs":"166"},"engineInfo":"Apache-Spark/3.4.0 Delta-Lake/3.0.0-SNAPSHOT","txnId":"85e2749a-937c-4c55-8234-0342ae82a54f"}}
{"remove":{"path":"part-00000-b326e43b-3e01-4cf1-b8ff-c73c8abd1616-c000.snappy.parquet","deletionTimestamp":1691426740025,"dataChange":true,"extendedFileMetadata":true,"partitionValues":{},"size":527}}
{"add":{"path":"part-00000-4b448490-06f4-4c74-9f65-9f36ae68e3b2-c000.snappy.parquet","partitionValues":{},"size":503,"modificationTime":1691426740023,"dataChange":true,"stats":"{\"numRecords\":5,\"minValues\":{\"id\":40},\"maxValues\":{\"id\":44},\"nullCount\":{\"id\":0}}"}}
