{"commitInfo":{"timestamp":1691426734787,"operation":"WRITE","operationParameters":{"mode":"Append","partitionBy":"[]"},"readVersion":1,"isolationLevel":"Serializable","isBlindAppend":true,"operationMetrics":{"numFiles":"1","numOutputRows":"10","numOutputBytes":"527"},"engineInfo":"Apache-Spark/3.4.0 Delta-Lake/3.0.0-SNAPSHOT","txnId":"d1bc1416-99e2-4aba-9e4b-1b157d9d2b49"}}
{"add":{"path":"part-00000-bd8763c3-45e4-435e-acd6-8e599aa840bc-c000.snappy.parquet","partitionValues":{},"size":527,"modificationTime":1691426734784,"dataChange":true,"stats":"{\"numRecords\":10,\"minValues\":{\"id\":20},\"maxValues\":{\"id\":29},\"nullCount\":{\"id\":0}}"}}
