{"commitInfo":{"timestamp":1691426742288,"operation":"WRITE","operationParameters":{"mode":"Append","partitionBy":"[]"},"readVersion":11,"isolationLevel":"Serializable","isBlindAppend":true,"operationMetrics":{"numFiles":"1","numOutputRows":"10","numOutputBytes":"527"},"engineInfo":"Apache-Spark/3.4.0 Delta-Lake/3.0.0-SNAPSHOT","txnId":"6c4dae3d-b3b4-4359-9abc-34883703faba"}}
{"add":{"path":"part-00000-c967edfa-f104-44ea-b0da-8bc1f5402af4-c000.snappy.parquet","partitionValues":{},"size":527,"modificationTime":1691426742286,"dataChange":true,"stats":"{\"numRecords\":10,\"minValues\":{\"id\":70},\"maxValues\":{\"id\":79},\"nullCount\":{\"id\":0}}"}}
