{"commitInfo":{"timestamp":1691426737153,"operation":"DELETE","operationParameters":{"predicate":"[\"((id#1904L >= 5) AND (id#1904L <= 9))\"]"},"readVersion":4,"isolationLevel":"Serializable","isBlindAppend":false,"operationMetrics":{"numRemovedFiles":"1","numRemovedBytes":"539","numCopiedRows":"5","numAddedChangeFiles":"0","executionTimeMs":"681","numDeletedRows":"5","scanTimeMs":"508","numAddedFiles":"1","numAddedBytes":"500","rewriteTimeMs":"172"},"engineInfo":"Apache-Spark/3.4.0 Delta-Lake/3.0.0-SNAPSHOT","txnId":"8deec26c-c828-46dc-962d-e324783081c0"}}
{"remove":{"path":"part-00000-b09fdf65-0ae3-44d0-96d0-1d85a121b76a-c000.snappy.parquet","deletionTimestamp":1691426737143,"dataChange":true,"extendedFileMetadata":true,"partitionValues":{},"size":539}}
{"add":{"path":"part-00000-ca2d0b26-c15c-454f-a933-fc724e15e5f1-c000.snappy.parquet","partitionValues":{},"size":500,"modificationTime":1691426737139,"dataChange":true,"stats":"{\"numRecords\":5,\"minValues\":{\"id\":0},\"maxValues\":{\"id\":4},\"nullCount\":{\"id\":0}}"}}
