{"commitInfo":{"timestamp":1692156979734,"operation":"WRITE","operationParameters":{"mode":"ErrorIfExists","partitionBy":"[\"part\"]"},"isolationLevel":"Serializable","isBlindAppend":true,"operationMetrics":{"numFiles":"5","numOutputRows":"5","numOutputBytes":"3535"},"engineInfo":"Apache-Spark/3.4.0 Delta-Lake/3.0.0-SNAPSHOT","txnId":"80d90401-5d96-4c45-8f57-2c4488eb4e78"}}
{"metaData":{"id":"testId","format":{"provider":"parquet","options":{}},"schemaString":"{\"type\":\"struct\",\"fields\":[{\"name\":\"id\",\"type\":\"integer\",\"nullable\":true,\"metadata\":{}},{\"name\":\"part\",\"type\":\"timestamp\",\"nullable\":true,\"metadata\":{}},{\"name\":\"time\",\"type\":\"timestamp\",\"nullable\":true,\"metadata\":{}}]}","partitionColumns":["part"],"configuration":{},"createdTime":1692156974547}}
{"protocol":{"minReaderVersion":1,"minWriterVersion":2}}
{"add":{"path":"part=2020-01-01%2008%253A09%253A10.001/part-00000-bd889aef-417c-4493-b5f7-a9884ba4b247.c000.snappy.parquet","partitionValues":{"part":"2020-01-01 08:09:10.001"},"size":728,"modificationTime":1692156979000,"dataChange":true,"stats":"{\"numRecords\":1,\"minValues\":{\"id\":0,\"time\":\"2020-02-01T08:09:10.000Z\"},\"maxValues\":{\"id\":0,\"time\":\"2020-02-01T08:09:10.000Z\"},\"nullCount\":{\"id\":0,\"time\":0}}"}}
{"add":{"path":"part=2021-10-01%2008%253A09%253A20/part-00000-57e97070-8fc8-485a-95c6-af55daf5e09b.c000.snappy.parquet","partitionValues":{"part":"2021-10-01 08:09:20"},"size":728,"modificationTime":1692156979000,"dataChange":true,"stats":"{\"numRecords\":1,\"minValues\":{\"id\":1,\"time\":\"1999-01-01T09:00:00.000Z\"},\"maxValues\":{\"id\":1,\"time\":\"1999-01-01T09:00:00.000Z\"},\"nullCount\":{\"id\":0,\"time\":0}}"}}
{"add":{"path":"part=__HIVE_DEFAULT_PARTITION__/part-00001-7cb5f53e-936c-4d24-bca1-9fa0fc7a66e4.c000.snappy.parquet","partitionValues":{"part":null},"size":623,"modificationTime":1692156979000,"dataChange":true,"stats":"{\"numRecords\":1,\"minValues\":{\"id\":4},\"maxValues\":{\"id\":4},\"nullCount\":{\"id\":0,\"time\":1}}"}}
{"add":{"path":"part=1969-01-01%2000%253A00%253A00/part-00001-75ac07ae-d2e8-4030-be59-c490d47c4496.c000.snappy.parquet","partitionValues":{"part":"1969-01-01 00:00:00"},"size":728,"modificationTime":1692156979000,"dataChange":true,"stats":"{\"numRecords\":1,\"minValues\":{\"id\":3,\"time\":\"1969-01-01T00:00:00.000Z\"},\"maxValues\":{\"id\":3,\"time\":\"1969-01-01T00:00:00.000Z\"},\"nullCount\":{\"id\":0,\"time\":0}}"}}
{"add":{"path":"part=2021-10-01%2008%253A09%253A20/part-00001-bd0c6fb8-aafd-48dc-9bba-331c1c6f137b.c000.snappy.parquet","partitionValues":{"part":"2021-10-01 08:09:20"},"size":728,"modificationTime":1692156979000,"dataChange":true,"stats":"{\"numRecords\":1,\"minValues\":{\"id\":2,\"time\":\"2000-01-01T09:00:00.000Z\"},\"maxValues\":{\"id\":2,\"time\":\"2000-01-01T09:00:00.000Z\"},\"nullCount\":{\"id\":0,\"time\":0}}"}}
