{"commitInfo":{"timestamp":1692156990276,"operation":"WRITE","operationParameters":{"mode":"ErrorIfExists","partitionBy":"[\"part\"]"},"isolationLevel":"Serializable","isBlindAppend":true,"operationMetrics":{"numFiles":"5","numOutputRows":"5","numOutputBytes":"3530"},"engineInfo":"Apache-Spark/3.4.0 Delta-Lake/3.0.0-SNAPSHOT","txnId":"7c789624-c173-4a06-8abf-fc07d3cf45dc"}}
{"metaData":{"id":"testId","format":{"provider":"parquet","options":{}},"schemaString":"{\"type\":\"struct\",\"fields\":[{\"name\":\"id\",\"type\":\"integer\",\"nullable\":true,\"metadata\":{}},{\"name\":\"part\",\"type\":\"timestamp\",\"nullable\":true,\"metadata\":{}},{\"name\":\"time\",\"type\":\"timestamp\",\"nullable\":true,\"metadata\":{}}]}","partitionColumns":["part"],"configuration":{},"createdTime":1692156989451}}
{"protocol":{"minReaderVersion":1,"minWriterVersion":2}}
{"add":{"path":"part=2020-01-01%2008%253A09%253A10.001/part-00000-3cac2575-d0b4-4647-a7a3-b4a9d910cb32.c000.snappy.parquet","partitionValues":{"part":"2020-01-01 08:09:10.001"},"size":719,"modificationTime":1692156989000,"dataChange":true,"stats":"{\"numRecords\":1,\"minValues\":{\"id\":0,\"time\":\"2020-02-01T08:09:10.000Z\"},\"maxValues\":{\"id\":0,\"time\":\"2020-02-01T08:09:10.000Z\"},\"nullCount\":{\"id\":0,\"time\":0}}"}}
{"add":{"path":"part=2021-10-01%2008%253A09%253A20/part-00000-038fb25c-ca6b-43b6-b0dc-d987f38d0ab9.c000.snappy.parquet","partitionValues":{"part":"2021-10-01 08:09:20"},"size":719,"modificationTime":1692156990000,"dataChange":true,"stats":"{\"numRecords\":1,\"minValues\":{\"id\":1,\"time\":\"1999-01-01T09:00:00.000Z\"},\"maxValues\":{\"id\":1,\"time\":\"1999-01-01T09:00:00.000Z\"},\"nullCount\":{\"id\":0,\"time\":0}}"}}
{"add":{"path":"part=__HIVE_DEFAULT_PARTITION__/part-00001-107828e6-a4b9-42b1-9f1f-244c0efc1b08.c000.snappy.parquet","partitionValues":{"part":null},"size":654,"modificationTime":1692156989000,"dataChange":true,"stats":"{\"numRecords\":1,\"minValues\":{\"id\":4},\"maxValues\":{\"id\":4},\"nullCount\":{\"id\":0,\"time\":1}}"}}
{"add":{"path":"part=1969-01-01%2000%253A00%253A00/part-00001-2b5694f1-b839-4037-b264-353b31af6e7b.c000.snappy.parquet","partitionValues":{"part":"1969-01-01 00:00:00"},"size":719,"modificationTime":1692156990000,"dataChange":true,"stats":"{\"numRecords\":1,\"minValues\":{\"id\":3,\"time\":\"1969-01-01T00:00:00.000Z\"},\"maxValues\":{\"id\":3,\"time\":\"1969-01-01T00:00:00.000Z\"},\"nullCount\":{\"id\":0,\"time\":0}}"}}
{"add":{"path":"part=2021-10-01%2008%253A09%253A20/part-00001-226faf2a-427a-40ee-bfb5-5d53c8642c8a.c000.snappy.parquet","partitionValues":{"part":"2021-10-01 08:09:20"},"size":719,"modificationTime":1692156990000,"dataChange":true,"stats":"{\"numRecords\":1,\"minValues\":{\"id\":2,\"time\":\"2000-01-01T09:00:00.000Z\"},\"maxValues\":{\"id\":2,\"time\":\"2000-01-01T09:00:00.000Z\"},\"nullCount\":{\"id\":0,\"time\":0}}"}}
